*** RUNTIME ERROR ***: Array out of Bounds access
